// Jest Snapshot v1, https://goo.gl/fbAQLP

exports[`App renders renders App 1`] = `
<h1>
  Hello
</h1>
`;
